(TranslationUnit (SymbolTable 1 {_lfortran_main_program: (Subroutine (SymbolTable 19 {}) _lfortran_main_program [] [(SubroutineCall 1 test_round () [] ())] Source Public Implementation () .false. .false.), lpython_builtin: (IntrinsicModule lpython_builtin), main_program: (Program (SymbolTable 18 {}) main_program [] [(SubroutineCall 1 _lfortran_main_program () [] ())]), test_round: (Subroutine (SymbolTable 2 {f: (Variable 2 f Local () () Default (Real 8 []) Source Public Required .false.), round: (ExternalSymbol 2 round 4 round lpython_builtin [] round Private)}) test_round [] [(= (Var 2 f) (ConstantReal 5.678000 (Real 8 [])) ()) (Print () [(FunctionCall 2 round () [(Var 2 f)] [] (Integer 4 []) () ())]) (= (Var 2 f) (UnaryOp USub (ConstantReal 183745.230000 (Real 8 [])) (Real 8 []) (ConstantReal -183745.230000 (Real 8 []))) ()) (Print () [(FunctionCall 2 round () [(Var 2 f)] [] (Integer 4 []) () ())]) (= (Var 2 f) (ConstantReal 44.340000 (Real 8 [])) ()) (Print () [(FunctionCall 2 round () [(Var 2 f)] [] (Integer 4 []) () ())]) (= (Var 2 f) (ConstantReal 0.500000 (Real 8 [])) ()) (Print () [(FunctionCall 2 round () [(Var 2 f)] [] (Integer 4 []) () ())]) (= (Var 2 f) (UnaryOp USub (ConstantReal 50.500000 (Real 8 [])) (Real 8 []) (ConstantReal -50.500000 (Real 8 []))) ()) (Print () [(FunctionCall 2 round () [(Var 2 f)] [] (Integer 4 []) () ())]) (= (Var 2 f) (ConstantReal 1.500000 (Real 8 [])) ()) (Print () [(FunctionCall 2 round () [(Var 2 f)] [] (Integer 4 []) () ())]) (Assert (Compare (FunctionCall 2 round () [(ConstantReal 13.001000 (Real 8 []))] [] (Integer 4 []) (ConstantInteger 13 (Integer 4 [])) ()) Eq (ConstantInteger 13 (Integer 4 [])) (Logical 4 []) (ConstantLogical .true. (Logical 4 [])) ()) ()) (Assert (Compare (FunctionCall 2 round () [(UnaryOp USub (ConstantReal 40.499990 (Real 8 [])) (Real 8 []) (ConstantReal -40.499990 (Real 8 [])))] [] (Integer 4 []) (ConstantInteger -40 (Integer 4 [])) ()) Eq (UnaryOp USub (ConstantInteger 40 (Integer 4 [])) (Integer 4 []) (ConstantInteger -40 (Integer 4 []))) (Logical 4 []) (ConstantLogical .true. (Logical 4 [])) ()) ()) (Assert (Compare (FunctionCall 2 round () [(ConstantReal 0.500000 (Real 8 []))] [] (Integer 4 []) (ConstantInteger 0 (Integer 4 [])) ()) Eq (ConstantInteger 0 (Integer 4 [])) (Logical 4 []) (ConstantLogical .true. (Logical 4 [])) ()) ()) (Assert (Compare (FunctionCall 2 round () [(UnaryOp USub (ConstantReal 0.500000 (Real 8 [])) (Real 8 []) (ConstantReal -0.500000 (Real 8 [])))] [] (Integer 4 []) (ConstantInteger 0 (Integer 4 [])) ()) Eq (ConstantInteger 0 (Integer 4 [])) (Logical 4 []) (ConstantLogical .true. (Logical 4 [])) ()) ()) (Assert (Compare (FunctionCall 2 round () [(ConstantReal 1.500000 (Real 8 []))] [] (Integer 4 []) (ConstantInteger 2 (Integer 4 [])) ()) Eq (ConstantInteger 2 (Integer 4 [])) (Logical 4 []) (ConstantLogical .true. (Logical 4 [])) ()) ()) (Assert (Compare (FunctionCall 2 round () [(ConstantReal 50.500000 (Real 8 []))] [] (Integer 4 []) (ConstantInteger 50 (Integer 4 [])) ()) Eq (ConstantInteger 50 (Integer 4 [])) (Logical 4 []) (ConstantLogical .true. (Logical 4 [])) ()) ()) (Assert (Compare (FunctionCall 2 round () [(ConstantReal 56.780000 (Real 8 []))] [] (Integer 4 []) (ConstantInteger 57 (Integer 4 [])) ()) Eq (ConstantInteger 57 (Integer 4 [])) (Logical 4 []) (ConstantLogical .true. (Logical 4 [])) ()) ())] Source Public Implementation () .false. .false.)}) [])
