(TranslationUnit (SymbolTable 1 {exit: (ExternalSymbol 1 exit 3 exit sys [] exit Public), main_program: (Program (SymbolTable 6 {}) main_program [] []), sys: (Module (SymbolTable 3 {exit: (Subroutine (SymbolTable 4 {error_code: (Variable 4 error_code In () () Default (Integer 4 []) Source Public Required .false.)}) exit [(Var 4 error_code)] [(Stop (Var 4 error_code))] Source Public Implementation () .false. .false.)}) sys [] .false. .false.), test_for: (Subroutine (SymbolTable 5 {i: (Variable 5 i Local () () Default (Integer 4 []) Source Public Required .false.)}) test_for [] [(DoLoop ((Var 5 i) (ConstantInteger 0 (Integer 4 [])) (BinOp (ConstantInteger 10 (Integer 4 [])) Sub (ConstantInteger 1 (Integer 4 [])) (Integer 4 []) (ConstantInteger 9 (Integer 4 [])) ()) (ConstantInteger 1 (Integer 4 []))) [(If (Compare (Var 5 i) Eq (ConstantInteger 0 (Integer 4 [])) (Logical 4 []) () ()) [(Cycle)] []) (If (Compare (Var 5 i) Gt (ConstantInteger 5 (Integer 4 [])) (Logical 4 []) () ()) [(Exit)] []) (If (Compare (Var 5 i) Eq (ConstantInteger 3 (Integer 4 [])) (Logical 4 []) () ()) [(Stop ())] [])]) (SubroutineCall 1 exit () [(ConstantInteger 0 (Integer 4 []))] ())] Source Public Implementation () .false. .false.)}) [])
