(Module [(FunctionDef test_binop ([] [] [] [] [] [] []) [(AnnAssign (Name x Store) (Name i32 Load) () 1) (AnnAssign (Name x2 Store) (Name f32 Load) () 1) (Assign [(Name x Store)] (BinOp (ConstantInt 2 ()) Pow (ConstantInt 3 ())) ()) (Assign [(Name x2 Store)] (BinOp (ConstantInt 2 ()) Pow (ConstantFloat 3.500000 ())) ()) (Assign [(Name x Store)] (BinOp (ConstantInt 54 ()) Sub (ConstantInt 100 ())) ()) (Assign [(Name x2 Store)] (BinOp (BinOp (ConstantFloat 3.454000 ()) Sub (ConstantFloat 765.430000 ())) Add (ConstantFloat 534.600000 ())) ()) (Assign [(Name x2 Store)] (BinOp (ConstantFloat 5346.565000 ()) Mult (ConstantFloat 3.450000 ())) ()) (Assign [(Name x2 Store)] (BinOp (ConstantFloat 5346.565000 ()) Pow (ConstantFloat 3.450000 ())) ())] [] () ())] [])
