(Module [(FunctionDef test_Set ([] [] [] [] [] [] []) [(AnnAssign (Name a Store) (Subscript (Name set Load) (Name i32 Load) Load) () 1) (Assign [(Name a Store)] (Set [(ConstantInt 1 ()) (ConstantInt 2 ()) (ConstantInt 3 ())]) ()) (Assign [(Name a Store)] (Set [(ConstantInt 2 ()) (ConstantInt 3 ()) (ConstantInt 4 ()) (ConstantInt 5 ()) (ConstantInt 5 ())]) ()) (AnnAssign (Name b Store) (Subscript (Name set Load) (Name str Load) Load) () 1) (Assign [(Name b Store)] (Set [(ConstantStr "a" ()) (ConstantStr "b" ()) (ConstantStr "c" ())]) ())] [] () ())] [])
