(Module [(FunctionDef test_Tuple ([] [] [] [] [] [] []) [(AnnAssign (Name a1 Store) (Subscript (Name tuple Load) (Tuple [(Name i32 Load) (Name i32 Load) (Name i32 Load)] Load) Load) () 1) (Assign [(Name a1 Store)] (Tuple [(ConstantInt 1 ()) (ConstantInt 2 ()) (ConstantInt 3 ())] Load) ()) (Assign [(Name a1 Store)] (Tuple [(UnaryOp USub (ConstantInt 3 ())) (UnaryOp USub (ConstantInt 2 ())) (UnaryOp USub (ConstantInt 1 ()))] Load) ()) (AnnAssign (Name a2 Store) (Subscript (Name tuple Load) (Tuple [(Name str Load) (Name str Load) (Name str Load)] Load) Load) () 1) (Assign [(Name a2 Store)] (Tuple [(ConstantStr "a" ()) (ConstantStr "b" ()) (ConstantStr "c" ())] Load) ()) (AnnAssign (Name a3 Store) (Subscript (Name tuple Load) (Tuple [(Name i32 Load) (Name i32 Load) (Name f32 Load) (Name str Load)] Load) Load) () 1) (Assign [(Name a3 Store)] (Tuple [(UnaryOp USub (ConstantInt 2 ())) (UnaryOp USub (ConstantInt 1 ())) (ConstantFloat 0.450000 ()) (ConstantStr "d" ())] Load) ()) (AnnAssign (Name a4 Store) (Subscript (Name tuple Load) (Tuple [(Subscript (Name tuple Load) (Tuple [(Name i32 Load) (Name i32 Load) (Name i32 Load)] Load) Load) (Subscript (Name tuple Load) (Tuple [(Name i32 Load) (Name i32 Load) (Name i32 Load)] Load) Load)] Load) Load) () 1) (Assign [(Name a4 Store)] (Tuple [(Tuple [(ConstantInt 1 ()) (ConstantInt 2 ()) (ConstantInt 3 ())] Load) (Tuple [(ConstantInt 4 ()) (ConstantInt 5 ()) (ConstantInt 6 ())] Load)] Load) ()) (AnnAssign (Name a5 Store) (Subscript (Name tuple Load) (Tuple [(Subscript (Name tuple Load) (Tuple [(Name str Load) (Name str Load) (Name f32 Load)] Load) Load) (Subscript (Name tuple Load) (Tuple [(Name str Load) (Name i32 Load) (Name f32 Load)] Load) Load)] Load) Load) () 1) (Assign [(Name a5 Store)] (Tuple [(Tuple [(ConstantStr "a" ()) (ConstantStr "b" ()) (ConstantFloat 3.400000 ())] Load) (Tuple [(ConstantStr "c" ()) (ConstantInt 3 ()) (ConstantFloat 5.600000 ())] Load)] Load) ())] [] () ())] [])
