(Module [(FunctionDef test_01 ([] [] [] [] [] [] []) [(Pass)] [] () ()) (FunctionDef test_02 ([] [] [(x (Name i32 Load) ())] [] [] [] []) [(Pass)] [] () ()) (FunctionDef test_03 ([] [] [(x () ())] [(y () ()) (z () ())] [] [] []) [(Pass)] [] () ()) (FunctionDef test_04 ([] [] [(x () ())] [(y () ()) (z () ())] [] [(args () ())] []) [(Pass)] [] () ()) (FunctionDef test_05 ([] [] [(x () ())] [] [] [(args () ())] []) [(Pass)] [] () ()) (FunctionDef test_06 ([] [] [] [] [] [(args () ())] []) [(Pass)] [] () ()) (FunctionDef test_07 ([] [(x (Name i32 Load) ()) (y () ())] [] [] [] [] []) [(Pass)] [] () ()) (FunctionDef test_08 ([] [(x () ())] [(y () ())] [] [] [] []) [(Pass)] [] () ()) (FunctionDef test_09 ([] [(x () ())] [(y () ())] [(z () ())] [] [] []) [(Pass)] [] () ()) (FunctionDef test_10 ([] [(x () ())] [(y () ())] [(z () ())] [] [(args (Name i32 Load) ())] []) [(Pass)] [] () ()) (FunctionDef test_11 ([] [(x () ())] [(y () ())] [] [] [(args () ())] []) [(Pass)] [] () ()) (FunctionDef test_12 ([] [(x () ())] [] [] [] [(args () ())] []) [(Pass)] [] () ()) (Expr (ConstantStr "
TODO: defaults are not stored in AST
" ())) (FunctionDef test_14 ([] [(x () ())] [(y () ())] [(z () ())] [] [(args (Name i32 Load) ())] []) [(Pass)] [] (Name i32 Load) ()) (Expr (Call (Name test Load) [] [])) (Expr (Call (Name test Load) [(Name x Load) (Name y Load)] [])) (Expr (Call (Name test Load) [(Name x Load)] [(y (ConstantInt 1 ())) (z (ConstantStr "123" ()))])) (Expr (Call (Name test Load) [(ConstantInt 100 ())] [(() (Name x Load))])) (Expr (Call (Name test Load) [(Starred (Name x Load) Load)] [(() (Name y Load))])) (Expr (Call (Name test Load) [(Starred (Name x Load) Load) (Name y Load)] [])) (Expr (Call (Name test Load) [(Starred (Name x Load) Load) (Starred (Name y Load) Load)] [])) (Expr (Call (Name test Load) [] [(() (Name x Load)) (() (Name y Load))])) (Expr (Call (Attribute (Name lp Load) test Load) [] [])) (Expr (Call (Attribute (Name lp Load) test Load) [(Name x Load) (Name y Load)] [])) (Expr (Call (Attribute (Name lp Load) test Load) [(Name x Load)] [(y (ConstantInt 1 ())) (z (ConstantStr "123" ()))]))] [])
