(TOKEN "eolcomment") 0:10
(KEYWORD "def") 11:13
(TOKEN "identifier" test) 15:18
(TOKEN "(") 19:19
(TOKEN ")") 20:20
(TOKEN ":") 21:21
(TOKEN "eolcomment") 23:34
(TOKEN "comment") 39:50
(TOKEN "indent") 51:54
(TOKEN "identifier" print) 55:59
(TOKEN "(") 60:60
(TOKEN ")") 61:61
(NEWLINE) 62:62
(TOKEN "dedent") 62:62
(TOKEN "comment") 63:74
(TOKEN "identifier" test) 75:78
(TOKEN "(") 79:79
(TOKEN ")") 80:80
(TOKEN "eolcomment") 82:93
(TOKEN "comment") 94:105
(NEWLINE) 106:106
(TOKEN "comment") 107:110
(TOKEN "comment") 111:123
(TOKEN "comment") 124:134
(EOF) 135:135
